Connected
sending: client1 0
recv: client1 0
sending: client1 1
recv: client1 1
sending: client1 2
recv: client1 2
recv: client2 0
sending: client1 3
recv: client1 3
recv: client2 1
sending: client1 4
recv: client1 4
recv: client2 2
Disconnected
