server.handle_connect
server.handle_recv: b'client1 0'
server.handle_recv: b'client1 1'
server.handle_recv: b'client1 2'
server.handle_connect
server.handle_recv: b'client2 0'
server.handle_recv: b'client1 3'
server.handle_recv: b'client2 1'
server.handle_recv: b'client1 4'
server.handle_recv: b'client2 2'
server.handle_disconnect
server.handle_recv: b'client2 3'
server.handle_recv: b'client2 4'
server.handle_disconnect
